<html>
<body>
<pre>
<h1>µVision Build Log</h1>
<h2>Project:</h2>
C:\Users\wang\Documents\TM4C123GXL_ST7735_TivaWare_v2\sd_card.uvproj
Project File Date:  07/28/2018

<h2>Output:</h2>
Rebuild target 'sd_card'
assembling startup_rvmdk.S...
compiling sd_card.c...
compiling uartstdio.c...
compiling cmdline.c...
compiling ff.c...
compiling mmc-ek-tm4c123g.c...
compiling cc932.c...
linking...
Program Size: Code=9728 RO-data=31092 RW-data=372 ZI-data=2900  
After Build - User command #1: fromelf --bin --output .\rvmdk\st7735.bin .\rvmdk\st7735.axf
".\rvmdk\st7735.axf" - 0 Error(s), 0 Warning(s).
.
