ARM Linker, 5.03 [Build 76] [MDK-ARM Professional]

==============================================================================

Section Cross References

    startup_rvmdk.o(RESET) refers to startup_rvmdk.o(STACK) for StackMem
    startup_rvmdk.o(RESET) refers to sd_card.o(i.SysTickHandler) for SysTickHandler
    startup_rvmdk.o(RESET) refers to entry.o(.ARM.Collect$$$$00000000) for __main
    sd_card.o(i.Cmd_cat) refers to strlen.o(.text) for strlen
    sd_card.o(i.Cmd_cat) refers to uartstdio.o(i.UARTprintf) for UARTprintf
    sd_card.o(i.Cmd_cat) refers to strcpy.o(.text) for strcpy
    sd_card.o(i.Cmd_cat) refers to strcmp.o(.text) for strcmp
    sd_card.o(i.Cmd_cat) refers to strcat.o(.text) for strcat
    sd_card.o(i.Cmd_cat) refers to ff.o(i.f_open) for f_open
    sd_card.o(i.Cmd_cat) refers to ff.o(i.f_read) for f_read
    sd_card.o(i.Cmd_cat) refers to sd_card.o(.data) for .data
    sd_card.o(i.Cmd_cat) refers to sd_card.o(.bss) for .bss
    sd_card.o(i.Cmd_cd) refers to strcpy.o(.text) for strcpy
    sd_card.o(i.Cmd_cd) refers to strcmp.o(.text) for strcmp
    sd_card.o(i.Cmd_cd) refers to strlen.o(.text) for strlen
    sd_card.o(i.Cmd_cd) refers to uartstdio.o(i.UARTprintf) for UARTprintf
    sd_card.o(i.Cmd_cd) refers to strncpy.o(.text) for strncpy
    sd_card.o(i.Cmd_cd) refers to strcat.o(.text) for strcat
    sd_card.o(i.Cmd_cd) refers to ff.o(i.f_opendir) for f_opendir
    sd_card.o(i.Cmd_cd) refers to sd_card.o(.data) for .data
    sd_card.o(i.Cmd_cd) refers to sd_card.o(.bss) for .bss
    sd_card.o(i.Cmd_help) refers to uartstdio.o(i.UARTprintf) for UARTprintf
    sd_card.o(i.Cmd_help) refers to sd_card.o(.data) for .data
    sd_card.o(i.Cmd_ls) refers to ff.o(i.f_opendir) for f_opendir
    sd_card.o(i.Cmd_ls) refers to uartstdio.o(i.UARTprintf) for UARTprintf
    sd_card.o(i.Cmd_ls) refers to ff.o(i.f_readdir) for f_readdir
    sd_card.o(i.Cmd_ls) refers to ff.o(i.f_getfree) for f_getfree
    sd_card.o(i.Cmd_ls) refers to sd_card.o(.bss) for .bss
    sd_card.o(i.Cmd_ls) refers to sd_card.o(.data) for .data
    sd_card.o(i.Cmd_pwd) refers to uartstdio.o(i.UARTprintf) for UARTprintf
    sd_card.o(i.Cmd_pwd) refers to sd_card.o(.data) for .data
    sd_card.o(i.ConfigureUART) refers to uart.o(i.UARTClockSourceSet) for UARTClockSourceSet
    sd_card.o(i.ConfigureUART) refers to uartstdio.o(i.UARTStdioConfig) for UARTStdioConfig
    sd_card.o(i.StringFromFResult) refers to sd_card.o(.data) for .data
    sd_card.o(i.StringFromFResult) refers to sd_card.o(.constdata) for .constdata
    sd_card.o(i.SysTickHandler) refers to mmc-ek-tm4c123g.o(i.disk_timerproc) for disk_timerproc
    sd_card.o(i.main) refers to sd_card.o(i.ConfigureUART) for ConfigureUART
    sd_card.o(i.main) refers to uartstdio.o(i.UARTprintf) for UARTprintf
    sd_card.o(i.main) refers to ff.o(i.f_mount) for f_mount
    sd_card.o(i.main) refers to sd_card.o(i.StringFromFResult) for StringFromFResult
    sd_card.o(i.main) refers to uartstdio.o(i.UARTgets) for UARTgets
    sd_card.o(i.main) refers to cmdline.o(i.CmdLineProcess) for CmdLineProcess
    sd_card.o(i.main) refers to sd_card.o(.bss) for .bss
    sd_card.o(i.main) refers to sd_card.o(.data) for .data
    sd_card.o(.data) refers to sd_card.o(.conststring) for .conststring
    sd_card.o(.data) refers to sd_card.o(i.Cmd_help) for Cmd_help
    sd_card.o(.data) refers to sd_card.o(i.Cmd_ls) for Cmd_ls
    sd_card.o(.data) refers to sd_card.o(i.Cmd_cd) for Cmd_cd
    sd_card.o(.data) refers to sd_card.o(i.Cmd_pwd) for Cmd_pwd
    sd_card.o(.data) refers to sd_card.o(i.Cmd_cat) for Cmd_cat
    uartstdio.o(i.UARTStdioConfig) refers to uartstdio.o(.constdata) for .constdata
    uartstdio.o(i.UARTStdioConfig) refers to uartstdio.o(.data) for .data
    uartstdio.o(i.UARTgetc) refers to uartstdio.o(.data) for .data
    uartstdio.o(i.UARTgets) refers to uartstdio.o(i.UARTwrite) for UARTwrite
    uartstdio.o(i.UARTgets) refers to uartstdio.o(.data) for .data
    uartstdio.o(i.UARTprintf) refers to uartstdio.o(i.UARTvprintf) for UARTvprintf
    uartstdio.o(i.UARTvprintf) refers to uartstdio.o(i.UARTwrite) for UARTwrite
    uartstdio.o(i.UARTvprintf) refers to uartstdio.o(.constdata) for .constdata
    uartstdio.o(i.UARTwrite) refers to uartstdio.o(.data) for .data
    uartstdio.o(.constdata) refers to uartstdio.o(.conststring) for .conststring
    cmdline.o(i.CmdLineProcess) refers to strcmp.o(.text) for strcmp
    cmdline.o(i.CmdLineProcess) refers to cmdline.o(.bss) for .bss
    cmdline.o(i.CmdLineProcess) refers to sd_card.o(.data) for g_psCmdTable
    ff.o(i.check_fs) refers to mmc-ek-tm4c123g.o(i.disk_read) for disk_read
    ff.o(i.chk_mounted) refers to mmc-ek-tm4c123g.o(i.disk_status) for disk_status
    ff.o(i.chk_mounted) refers to mmc-ek-tm4c123g.o(i.disk_initialize) for disk_initialize
    ff.o(i.chk_mounted) refers to ff.o(i.check_fs) for check_fs
    ff.o(i.chk_mounted) refers to mmc-ek-tm4c123g.o(i.disk_read) for disk_read
    ff.o(i.chk_mounted) refers to ff.o(.data) for .data
    ff.o(i.create_chain) refers to ff.o(i.get_fat) for get_fat
    ff.o(i.create_chain) refers to ff.o(i.put_fat) for put_fat
    ff.o(i.create_name) refers to cc932.o(i.ff_convert) for ff_convert
    ff.o(i.create_name) refers to ff.o(i.chk_chr) for chk_chr
    ff.o(i.create_name) refers to ff.o(i.mem_set) for mem_set
    ff.o(i.create_name) refers to cc932.o(i.ff_wtoupper) for ff_wtoupper
    ff.o(i.dir_find) refers to ff.o(i.dir_sdi) for dir_sdi
    ff.o(i.dir_find) refers to ff.o(i.move_window) for move_window
    ff.o(i.dir_find) refers to cc932.o(i.ff_wtoupper) for ff_wtoupper
    ff.o(i.dir_find) refers to ff.o(i.sum_sfn) for sum_sfn
    ff.o(i.dir_find) refers to ff.o(i.dir_next) for dir_next
    ff.o(i.dir_find) refers to ff.o(.constdata) for .constdata
    ff.o(i.dir_next) refers to ff.o(i.get_fat) for get_fat
    ff.o(i.dir_next) refers to ff.o(i.create_chain) for create_chain
    ff.o(i.dir_next) refers to ff.o(i.sync_window) for sync_window
    ff.o(i.dir_next) refers to ff.o(i.mem_set) for mem_set
    ff.o(i.dir_next) refers to ff.o(i.clust2sect) for clust2sect
    ff.o(i.dir_read) refers to ff.o(i.move_window) for move_window
    ff.o(i.dir_read) refers to ff.o(i.dir_next) for dir_next
    ff.o(i.dir_read) refers to ff.o(i.sum_sfn) for sum_sfn
    ff.o(i.dir_read) refers to ff.o(.constdata) for .constdata
    ff.o(i.dir_register) refers to ff.o(i.mem_cpy) for mem_cpy
    ff.o(i.dir_register) refers to ff.o(i.gen_numname) for gen_numname
    ff.o(i.dir_register) refers to ff.o(i.dir_find) for dir_find
    ff.o(i.dir_register) refers to ff.o(i.dir_sdi) for dir_sdi
    ff.o(i.dir_register) refers to ff.o(i.move_window) for move_window
    ff.o(i.dir_register) refers to ff.o(i.dir_next) for dir_next
    ff.o(i.dir_register) refers to ff.o(i.sum_sfn) for sum_sfn
    ff.o(i.dir_register) refers to ff.o(i.mem_set) for mem_set
    ff.o(i.dir_register) refers to ff.o(.constdata) for .constdata
    ff.o(i.dir_remove) refers to ff.o(i.dir_sdi) for dir_sdi
    ff.o(i.dir_remove) refers to ff.o(i.move_window) for move_window
    ff.o(i.dir_remove) refers to ff.o(i.dir_next) for dir_next
    ff.o(i.dir_sdi) refers to ff.o(i.get_fat) for get_fat
    ff.o(i.dir_sdi) refers to ff.o(i.clust2sect) for clust2sect
    ff.o(i.f_chmod) refers to ff.o(i.chk_mounted) for chk_mounted
    ff.o(i.f_chmod) refers to ff.o(i.follow_path) for follow_path
    ff.o(i.f_chmod) refers to ff.o(i.sync_fs) for sync_fs
    ff.o(i.f_chmod) refers to ff.o(.bss) for .bss
    ff.o(i.f_close) refers to ff.o(i.f_sync) for f_sync
    ff.o(i.f_getfree) refers to ff.o(i.chk_mounted) for chk_mounted
    ff.o(i.f_getfree) refers to ff.o(i.get_fat) for get_fat
    ff.o(i.f_getfree) refers to ff.o(i.move_window) for move_window
    ff.o(i.f_gets) refers to ff.o(i.f_read) for f_read
    ff.o(i.f_lseek) refers to ff.o(i.validate) for validate
    ff.o(i.f_lseek) refers to ff.o(i.create_chain) for create_chain
    ff.o(i.f_lseek) refers to ff.o(i.get_fat) for get_fat
    ff.o(i.f_lseek) refers to ff.o(i.clust2sect) for clust2sect
    ff.o(i.f_lseek) refers to mmc-ek-tm4c123g.o(i.disk_write) for disk_write
    ff.o(i.f_lseek) refers to mmc-ek-tm4c123g.o(i.disk_read) for disk_read
    ff.o(i.f_mkdir) refers to mmc-ek-tm4c123g.o(i.get_fattime) for get_fattime
    ff.o(i.f_mkdir) refers to ff.o(i.chk_mounted) for chk_mounted
    ff.o(i.f_mkdir) refers to ff.o(i.follow_path) for follow_path
    ff.o(i.f_mkdir) refers to ff.o(i.create_chain) for create_chain
    ff.o(i.f_mkdir) refers to ff.o(i.sync_window) for sync_window
    ff.o(i.f_mkdir) refers to ff.o(i.clust2sect) for clust2sect
    ff.o(i.f_mkdir) refers to ff.o(i.mem_set) for mem_set
    ff.o(i.f_mkdir) refers to ff.o(i.st_clust) for st_clust
    ff.o(i.f_mkdir) refers to ff.o(i.mem_cpy) for mem_cpy
    ff.o(i.f_mkdir) refers to ff.o(i.dir_register) for dir_register
    ff.o(i.f_mkdir) refers to ff.o(i.remove_chain) for remove_chain
    ff.o(i.f_mkdir) refers to ff.o(i.sync_fs) for sync_fs
    ff.o(i.f_mkdir) refers to ff.o(.bss) for .bss
    ff.o(i.f_mount) refers to ff.o(.data) for .data
    ff.o(i.f_open) refers to ff.o(i.chk_mounted) for chk_mounted
    ff.o(i.f_open) refers to ff.o(i.follow_path) for follow_path
    ff.o(i.f_open) refers to ff.o(i.dir_register) for dir_register
    ff.o(i.f_open) refers to mmc-ek-tm4c123g.o(i.get_fattime) for get_fattime
    ff.o(i.f_open) refers to ff.o(i.ld_clust) for ld_clust
    ff.o(i.f_open) refers to ff.o(i.st_clust) for st_clust
    ff.o(i.f_open) refers to ff.o(i.remove_chain) for remove_chain
    ff.o(i.f_open) refers to ff.o(i.move_window) for move_window
    ff.o(i.f_open) refers to ff.o(.bss) for .bss
    ff.o(i.f_opendir) refers to ff.o(i.chk_mounted) for chk_mounted
    ff.o(i.f_opendir) refers to ff.o(i.follow_path) for follow_path
    ff.o(i.f_opendir) refers to ff.o(i.ld_clust) for ld_clust
    ff.o(i.f_opendir) refers to ff.o(i.dir_sdi) for dir_sdi
    ff.o(i.f_opendir) refers to ff.o(.bss) for .bss
    ff.o(i.f_printf) refers to ff.o(i.f_putc) for f_putc
    ff.o(i.f_printf) refers to ff.o(i.f_puts) for f_puts
    ff.o(i.f_putc) refers to ff.o(i.f_write) for f_write
    ff.o(i.f_puts) refers to ff.o(i.f_putc) for f_putc
    ff.o(i.f_read) refers to ff.o(i.validate) for validate
    ff.o(i.f_read) refers to ff.o(i.get_fat) for get_fat
    ff.o(i.f_read) refers to ff.o(i.clust2sect) for clust2sect
    ff.o(i.f_read) refers to mmc-ek-tm4c123g.o(i.disk_read) for disk_read
    ff.o(i.f_read) refers to ff.o(i.mem_cpy) for mem_cpy
    ff.o(i.f_read) refers to mmc-ek-tm4c123g.o(i.disk_write) for disk_write
    ff.o(i.f_readdir) refers to ff.o(i.validate) for validate
    ff.o(i.f_readdir) refers to ff.o(i.dir_read) for dir_read
    ff.o(i.f_readdir) refers to ff.o(i.get_fileinfo) for get_fileinfo
    ff.o(i.f_readdir) refers to ff.o(i.dir_next) for dir_next
    ff.o(i.f_readdir) refers to ff.o(i.dir_sdi) for dir_sdi
    ff.o(i.f_readdir) refers to ff.o(.bss) for .bss
    ff.o(i.f_rename) refers to ff.o(i.chk_mounted) for chk_mounted
    ff.o(i.f_rename) refers to ff.o(i.follow_path) for follow_path
    ff.o(i.f_rename) refers to ff.o(i.mem_cpy) for mem_cpy
    ff.o(i.f_rename) refers to ff.o(i.dir_register) for dir_register
    ff.o(i.f_rename) refers to ff.o(i.ld_clust) for ld_clust
    ff.o(i.f_rename) refers to ff.o(i.clust2sect) for clust2sect
    ff.o(i.f_rename) refers to ff.o(i.move_window) for move_window
    ff.o(i.f_rename) refers to ff.o(i.st_clust) for st_clust
    ff.o(i.f_rename) refers to ff.o(i.dir_remove) for dir_remove
    ff.o(i.f_rename) refers to ff.o(i.sync_fs) for sync_fs
    ff.o(i.f_rename) refers to ff.o(.bss) for .bss
    ff.o(i.f_stat) refers to ff.o(i.chk_mounted) for chk_mounted
    ff.o(i.f_stat) refers to ff.o(i.follow_path) for follow_path
    ff.o(i.f_stat) refers to ff.o(i.get_fileinfo) for get_fileinfo
    ff.o(i.f_stat) refers to ff.o(.bss) for .bss
    ff.o(i.f_sync) refers to ff.o(i.validate) for validate
    ff.o(i.f_sync) refers to mmc-ek-tm4c123g.o(i.disk_write) for disk_write
    ff.o(i.f_sync) refers to ff.o(i.move_window) for move_window
    ff.o(i.f_sync) refers to ff.o(i.st_clust) for st_clust
    ff.o(i.f_sync) refers to mmc-ek-tm4c123g.o(i.get_fattime) for get_fattime
    ff.o(i.f_sync) refers to ff.o(i.sync_fs) for sync_fs
    ff.o(i.f_truncate) refers to ff.o(i.validate) for validate
    ff.o(i.f_truncate) refers to ff.o(i.get_fat) for get_fat
    ff.o(i.f_truncate) refers to ff.o(i.remove_chain) for remove_chain
    ff.o(i.f_truncate) refers to ff.o(i.put_fat) for put_fat
    ff.o(i.f_unlink) refers to ff.o(i.chk_mounted) for chk_mounted
    ff.o(i.f_unlink) refers to ff.o(i.follow_path) for follow_path
    ff.o(i.f_unlink) refers to ff.o(i.ld_clust) for ld_clust
    ff.o(i.f_unlink) refers to ff.o(i.mem_cpy) for mem_cpy
    ff.o(i.f_unlink) refers to ff.o(i.dir_sdi) for dir_sdi
    ff.o(i.f_unlink) refers to ff.o(i.dir_read) for dir_read
    ff.o(i.f_unlink) refers to ff.o(i.dir_remove) for dir_remove
    ff.o(i.f_unlink) refers to ff.o(i.remove_chain) for remove_chain
    ff.o(i.f_unlink) refers to ff.o(i.sync_fs) for sync_fs
    ff.o(i.f_unlink) refers to ff.o(.bss) for .bss
    ff.o(i.f_utime) refers to ff.o(i.chk_mounted) for chk_mounted
    ff.o(i.f_utime) refers to ff.o(i.follow_path) for follow_path
    ff.o(i.f_utime) refers to ff.o(i.sync_fs) for sync_fs
    ff.o(i.f_utime) refers to ff.o(.bss) for .bss
    ff.o(i.f_write) refers to ff.o(i.validate) for validate
    ff.o(i.f_write) refers to ff.o(i.create_chain) for create_chain
    ff.o(i.f_write) refers to mmc-ek-tm4c123g.o(i.disk_write) for disk_write
    ff.o(i.f_write) refers to ff.o(i.clust2sect) for clust2sect
    ff.o(i.f_write) refers to ff.o(i.mem_cpy) for mem_cpy
    ff.o(i.f_write) refers to mmc-ek-tm4c123g.o(i.disk_read) for disk_read
    ff.o(i.follow_path) refers to ff.o(i.dir_sdi) for dir_sdi
    ff.o(i.follow_path) refers to ff.o(i.create_name) for create_name
    ff.o(i.follow_path) refers to ff.o(i.dir_find) for dir_find
    ff.o(i.follow_path) refers to ff.o(i.ld_clust) for ld_clust
    ff.o(i.gen_numname) refers to ff.o(i.mem_cpy) for mem_cpy
    ff.o(i.get_fat) refers to ff.o(i.move_window) for move_window
    ff.o(i.get_fileinfo) refers to cc932.o(i.ff_convert) for ff_convert
    ff.o(i.move_window) refers to ff.o(i.sync_window) for sync_window
    ff.o(i.move_window) refers to mmc-ek-tm4c123g.o(i.disk_read) for disk_read
    ff.o(i.put_fat) refers to ff.o(i.move_window) for move_window
    ff.o(i.remove_chain) refers to ff.o(i.get_fat) for get_fat
    ff.o(i.remove_chain) refers to ff.o(i.put_fat) for put_fat
    ff.o(i.sync_fs) refers to ff.o(i.sync_window) for sync_window
    ff.o(i.sync_fs) refers to ff.o(i.mem_set) for mem_set
    ff.o(i.sync_fs) refers to mmc-ek-tm4c123g.o(i.disk_write) for disk_write
    ff.o(i.sync_fs) refers to mmc-ek-tm4c123g.o(i.disk_ioctl) for disk_ioctl
    ff.o(i.sync_window) refers to mmc-ek-tm4c123g.o(i.disk_write) for disk_write
    ff.o(i.validate) refers to mmc-ek-tm4c123g.o(i.disk_status) for disk_status
    mmc-ek-tm4c123g.o(i.disk_initialize) refers to mmc-ek-tm4c123g.o(i.power_on) for power_on
    mmc-ek-tm4c123g.o(i.disk_initialize) refers to mmc-ek-tm4c123g.o(i.send_initial_clock_train) for send_initial_clock_train
    mmc-ek-tm4c123g.o(i.disk_initialize) refers to mmc-ek-tm4c123g.o(i.SELECT) for SELECT
    mmc-ek-tm4c123g.o(i.disk_initialize) refers to mmc-ek-tm4c123g.o(i.send_cmd) for send_cmd
    mmc-ek-tm4c123g.o(i.disk_initialize) refers to mmc-ek-tm4c123g.o(i.rcvr_spi) for rcvr_spi
    mmc-ek-tm4c123g.o(i.disk_initialize) refers to mmc-ek-tm4c123g.o(i.DESELECT) for DESELECT
    mmc-ek-tm4c123g.o(i.disk_initialize) refers to mmc-ek-tm4c123g.o(.data) for .data
    mmc-ek-tm4c123g.o(i.disk_ioctl) refers to mmc-ek-tm4c123g.o(i.power_on) for power_on
    mmc-ek-tm4c123g.o(i.disk_ioctl) refers to mmc-ek-tm4c123g.o(i.SELECT) for SELECT
    mmc-ek-tm4c123g.o(i.disk_ioctl) refers to mmc-ek-tm4c123g.o(i.send_cmd) for send_cmd
    mmc-ek-tm4c123g.o(i.disk_ioctl) refers to mmc-ek-tm4c123g.o(i.rcvr_datablock) for rcvr_datablock
    mmc-ek-tm4c123g.o(i.disk_ioctl) refers to mmc-ek-tm4c123g.o(i.wait_ready) for wait_ready
    mmc-ek-tm4c123g.o(i.disk_ioctl) refers to mmc-ek-tm4c123g.o(i.rcvr_spi) for rcvr_spi
    mmc-ek-tm4c123g.o(i.disk_ioctl) refers to mmc-ek-tm4c123g.o(i.DESELECT) for DESELECT
    mmc-ek-tm4c123g.o(i.disk_ioctl) refers to mmc-ek-tm4c123g.o(.data) for .data
    mmc-ek-tm4c123g.o(i.disk_read) refers to mmc-ek-tm4c123g.o(i.SELECT) for SELECT
    mmc-ek-tm4c123g.o(i.disk_read) refers to mmc-ek-tm4c123g.o(i.send_cmd) for send_cmd
    mmc-ek-tm4c123g.o(i.disk_read) refers to mmc-ek-tm4c123g.o(i.rcvr_datablock) for rcvr_datablock
    mmc-ek-tm4c123g.o(i.disk_read) refers to mmc-ek-tm4c123g.o(i.xmit_spi) for xmit_spi
    mmc-ek-tm4c123g.o(i.disk_read) refers to mmc-ek-tm4c123g.o(i.rcvr_spi) for rcvr_spi
    mmc-ek-tm4c123g.o(i.disk_read) refers to mmc-ek-tm4c123g.o(i.DESELECT) for DESELECT
    mmc-ek-tm4c123g.o(i.disk_read) refers to mmc-ek-tm4c123g.o(.data) for .data
    mmc-ek-tm4c123g.o(i.disk_status) refers to mmc-ek-tm4c123g.o(.data) for .data
    mmc-ek-tm4c123g.o(i.disk_timerproc) refers to mmc-ek-tm4c123g.o(.data) for .data
    mmc-ek-tm4c123g.o(i.disk_write) refers to mmc-ek-tm4c123g.o(i.SELECT) for SELECT
    mmc-ek-tm4c123g.o(i.disk_write) refers to mmc-ek-tm4c123g.o(i.send_cmd) for send_cmd
    mmc-ek-tm4c123g.o(i.disk_write) refers to mmc-ek-tm4c123g.o(i.xmit_datablock) for xmit_datablock
    mmc-ek-tm4c123g.o(i.disk_write) refers to mmc-ek-tm4c123g.o(i.DESELECT) for DESELECT
    mmc-ek-tm4c123g.o(i.disk_write) refers to mmc-ek-tm4c123g.o(i.rcvr_spi) for rcvr_spi
    mmc-ek-tm4c123g.o(i.disk_write) refers to mmc-ek-tm4c123g.o(.data) for .data
    mmc-ek-tm4c123g.o(i.power_on) refers to mmc-ek-tm4c123g.o(i.send_initial_clock_train) for send_initial_clock_train
    mmc-ek-tm4c123g.o(i.power_on) refers to mmc-ek-tm4c123g.o(.data) for .data
    mmc-ek-tm4c123g.o(i.rcvr_datablock) refers to mmc-ek-tm4c123g.o(i.rcvr_spi) for rcvr_spi
    mmc-ek-tm4c123g.o(i.rcvr_datablock) refers to mmc-ek-tm4c123g.o(.data) for .data
    mmc-ek-tm4c123g.o(i.send_cmd) refers to mmc-ek-tm4c123g.o(i.wait_ready) for wait_ready
    mmc-ek-tm4c123g.o(i.send_cmd) refers to mmc-ek-tm4c123g.o(i.xmit_spi) for xmit_spi
    mmc-ek-tm4c123g.o(i.send_cmd) refers to mmc-ek-tm4c123g.o(i.rcvr_spi) for rcvr_spi
    mmc-ek-tm4c123g.o(i.send_initial_clock_train) refers to mmc-ek-tm4c123g.o(i.DESELECT) for DESELECT
    mmc-ek-tm4c123g.o(i.wait_ready) refers to mmc-ek-tm4c123g.o(i.rcvr_spi) for rcvr_spi
    mmc-ek-tm4c123g.o(i.wait_ready) refers to mmc-ek-tm4c123g.o(.data) for .data
    mmc-ek-tm4c123g.o(i.xmit_datablock) refers to mmc-ek-tm4c123g.o(i.wait_ready) for wait_ready
    mmc-ek-tm4c123g.o(i.xmit_datablock) refers to mmc-ek-tm4c123g.o(i.xmit_spi) for xmit_spi
    mmc-ek-tm4c123g.o(i.xmit_datablock) refers to mmc-ek-tm4c123g.o(i.rcvr_spi) for rcvr_spi
    cc932.o(i.ff_convert) refers to cc932.o(.constdata) for .constdata
    cc932.o(i.ff_wtoupper) refers to cc932.o(.constdata) for .constdata
    uart.o(i.UARTIntRegister) refers to interrupt.o(i.IntRegister) for IntRegister
    uart.o(i.UARTIntRegister) refers to interrupt.o(i.IntEnable) for IntEnable
    uart.o(i.UARTIntRegister) refers to uart.o(.constdata) for .constdata
    uart.o(i.UARTIntUnregister) refers to interrupt.o(i.IntDisable) for IntDisable
    uart.o(i.UARTIntUnregister) refers to interrupt.o(i.IntUnregister) for IntUnregister
    uart.o(i.UARTIntUnregister) refers to uart.o(.constdata) for .constdata
    interrupt.o(i.IntDisable) refers to interrupt.o(.constdata) for .constdata
    interrupt.o(i.IntEnable) refers to interrupt.o(.constdata) for .constdata
    interrupt.o(i.IntIsEnabled) refers to interrupt.o(.constdata) for .constdata
    interrupt.o(i.IntMasterDisable) refers to cpu.o(.emb_text) for CPUcpsid
    interrupt.o(i.IntMasterEnable) refers to cpu.o(.emb_text) for CPUcpsie
    interrupt.o(i.IntPendClear) refers to interrupt.o(.constdata) for .constdata
    interrupt.o(i.IntPendSet) refers to interrupt.o(.constdata) for .constdata
    interrupt.o(i.IntPriorityGet) refers to interrupt.o(.constdata) for .constdata
    interrupt.o(i.IntPriorityGroupingGet) refers to interrupt.o(.constdata) for .constdata
    interrupt.o(i.IntPriorityGroupingSet) refers to interrupt.o(.constdata) for .constdata
    interrupt.o(i.IntPriorityMaskGet) refers to cpu.o(.emb_text) for CPUbasepriGet
    interrupt.o(i.IntPriorityMaskSet) refers to cpu.o(.emb_text) for CPUbasepriSet
    interrupt.o(i.IntPrioritySet) refers to interrupt.o(.constdata) for .constdata
    interrupt.o(i.IntRegister) refers to interrupt.o(vtable) for vtable
    interrupt.o(i.IntUnregister) refers to interrupt.o(i._IntDefaultHandler) for _IntDefaultHandler
    interrupt.o(i.IntUnregister) refers to interrupt.o(vtable) for vtable
    entry.o(.ARM.Collect$$$$00000000) refers (Special) to entry10a.o(.ARM.Collect$$$$0000000D) for __rt_final_cpp
    entry.o(.ARM.Collect$$$$00000000) refers (Special) to entry11a.o(.ARM.Collect$$$$0000000F) for __rt_final_exit
    entry.o(.ARM.Collect$$$$00000000) refers (Special) to entry7b.o(.ARM.Collect$$$$00000008) for _main_clock
    entry.o(.ARM.Collect$$$$00000000) refers (Special) to entry8b.o(.ARM.Collect$$$$0000000A) for _main_cpp_init
    entry.o(.ARM.Collect$$$$00000000) refers (Special) to entry9a.o(.ARM.Collect$$$$0000000B) for _main_init
    entry.o(.ARM.Collect$$$$00000000) refers (Special) to entry5.o(.ARM.Collect$$$$00000004) for _main_scatterload
    entry.o(.ARM.Collect$$$$00000000) refers (Special) to entry2.o(.ARM.Collect$$$$00000001) for _main_stk
    entry2.o(.ARM.Collect$$$$00000001) refers to entry2.o(.ARM.Collect$$$$00002712) for __lit__00000000
    entry2.o(.ARM.Collect$$$$00002712) refers to startup_rvmdk.o(STACK) for __initial_sp
    entry2.o(__vectab_stack_and_reset_area) refers to startup_rvmdk.o(STACK) for __initial_sp
    entry2.o(__vectab_stack_and_reset_area) refers to entry.o(.ARM.Collect$$$$00000000) for __main
    entry5.o(.ARM.Collect$$$$00000004) refers to init.o(.text) for __scatterload
    entry9a.o(.ARM.Collect$$$$0000000B) refers to sd_card.o(i.main) for main
    entry9b.o(.ARM.Collect$$$$0000000C) refers to sd_card.o(i.main) for main
    init.o(.text) refers to entry5.o(.ARM.Collect$$$$00000004) for __main_after_scatterload


==============================================================================

Removing Unused input sections from the image.

    Removing startup_rvmdk.o(HEAP), (0 bytes).
    Removing startup_rvmdk.o(.text), (0 bytes).
    Removing uartstdio.o(i.UARTgetc), (24 bytes).
    Removing ff.o(i.dir_remove), (80 bytes).
    Removing ff.o(i.f_chmod), (84 bytes).
    Removing ff.o(i.f_close), (18 bytes).
    Removing ff.o(i.f_gets), (72 bytes).
    Removing ff.o(i.f_lseek), (302 bytes).
    Removing ff.o(i.f_mkdir), (364 bytes).
    Removing ff.o(i.f_printf), (484 bytes).
    Removing ff.o(i.f_putc), (44 bytes).
    Removing ff.o(i.f_puts), (40 bytes).
    Removing ff.o(i.f_rename), (260 bytes).
    Removing ff.o(i.f_stat), (68 bytes).
    Removing ff.o(i.f_sync), (152 bytes).
    Removing ff.o(i.f_truncate), (140 bytes).
    Removing ff.o(i.f_unlink), (172 bytes).
    Removing ff.o(i.f_utime), (88 bytes).
    Removing ff.o(i.f_write), (382 bytes).
    Removing ff.o(i.sync_fs), (182 bytes).
    Removing mmc-ek-tm4c123g.o(i.disk_ioctl), (320 bytes).
    Removing uart.o(i.UART9BitAddrSend), (38 bytes).
    Removing uart.o(i.UART9BitAddrSet), (10 bytes).
    Removing uart.o(i.UART9BitDisable), (14 bytes).
    Removing uart.o(i.UART9BitEnable), (14 bytes).
    Removing uart.o(i.UARTBreakCtl), (18 bytes).
    Removing uart.o(i.UARTBusy), (8 bytes).
    Removing uart.o(i.UARTCharGet), (12 bytes).
    Removing uart.o(i.UARTCharGetNonBlocking), (16 bytes).
    Removing uart.o(i.UARTCharPut), (12 bytes).
    Removing uart.o(i.UARTCharPutNonBlocking), (16 bytes).
    Removing uart.o(i.UARTCharsAvail), (10 bytes).
    Removing uart.o(i.UARTClockSourceGet), (6 bytes).
    Removing uart.o(i.UARTConfigGetExpClk), (46 bytes).
    Removing uart.o(i.UARTConfigSetExpClk), (110 bytes).
    Removing uart.o(i.UARTDMADisable), (10 bytes).
    Removing uart.o(i.UARTDMAEnable), (8 bytes).
    Removing uart.o(i.UARTDisable), (30 bytes).
    Removing uart.o(i.UARTDisableSIR), (10 bytes).
    Removing uart.o(i.UARTEnable), (20 bytes).
    Removing uart.o(i.UARTEnableSIR), (18 bytes).
    Removing uart.o(i.UARTFIFODisable), (10 bytes).
    Removing uart.o(i.UARTFIFOEnable), (10 bytes).
    Removing uart.o(i.UARTFIFOLevelGet), (16 bytes).
    Removing uart.o(i.UARTFIFOLevelSet), (6 bytes).
    Removing uart.o(i.UARTFlowControlGet), (8 bytes).
    Removing uart.o(i.UARTFlowControlSet), (12 bytes).
    Removing uart.o(i.UARTIntClear), (4 bytes).
    Removing uart.o(i.UARTIntDisable), (10 bytes).
    Removing uart.o(i.UARTIntEnable), (8 bytes).
    Removing uart.o(i.UARTIntRegister), (88 bytes).
    Removing uart.o(i.UARTIntStatus), (10 bytes).
    Removing uart.o(i.UARTIntUnregister), (88 bytes).
    Removing uart.o(i.UARTLoopbackEnable), (10 bytes).
    Removing uart.o(i.UARTModemControlClear), (14 bytes).
    Removing uart.o(i.UARTModemControlGet), (8 bytes).
    Removing uart.o(i.UARTModemControlSet), (12 bytes).
    Removing uart.o(i.UARTModemStatusGet), (10 bytes).
    Removing uart.o(i.UARTParityModeGet), (8 bytes).
    Removing uart.o(i.UARTParityModeSet), (12 bytes).
    Removing uart.o(i.UARTRxErrorClear), (6 bytes).
    Removing uart.o(i.UARTRxErrorGet), (8 bytes).
    Removing uart.o(i.UARTSmartCardDisable), (10 bytes).
    Removing uart.o(i.UARTSmartCardEnable), (22 bytes).
    Removing uart.o(i.UARTSpaceAvail), (10 bytes).
    Removing uart.o(i.UARTTxIntModeGet), (8 bytes).
    Removing uart.o(i.UARTTxIntModeSet), (12 bytes).
    Removing uart.o(.constdata), (128 bytes).
    Removing interrupt.o(i.IntDisable), (100 bytes).
    Removing interrupt.o(i.IntEnable), (100 bytes).
    Removing interrupt.o(i.IntIsEnabled), (96 bytes).
    Removing interrupt.o(i.IntMasterDisable), (14 bytes).
    Removing interrupt.o(i.IntMasterEnable), (14 bytes).
    Removing interrupt.o(i.IntPendClear), (68 bytes).
    Removing interrupt.o(i.IntPendSet), (84 bytes).
    Removing interrupt.o(i.IntPriorityGet), (28 bytes).
    Removing interrupt.o(i.IntPriorityGroupingGet), (36 bytes).
    Removing interrupt.o(i.IntPriorityGroupingSet), (28 bytes).
    Removing interrupt.o(i.IntPriorityMaskGet), (4 bytes).
    Removing interrupt.o(i.IntPriorityMaskSet), (4 bytes).
    Removing interrupt.o(i.IntPrioritySet), (40 bytes).
    Removing interrupt.o(i.IntRegister), (52 bytes).
    Removing interrupt.o(i.IntTrigger), (12 bytes).
    Removing interrupt.o(i.IntUnregister), (20 bytes).
    Removing interrupt.o(i._IntDefaultHandler), (2 bytes).
    Removing interrupt.o(.constdata), (268 bytes).
    Removing interrupt.o(vtable), (620 bytes).
    Removing cpu.o(.emb_text), (38 bytes).

88 unused section(s) (total 5878 bytes) removed from the image.

==============================================================================

Image Symbol Table

    Local Symbols

    Symbol Name                              Value     Ov Type        Size  Object(Section)

    RESET                                    0x00000000   Section      648  startup_rvmdk.o(RESET)
    ../clib/../cmprslib/zerorunl2.c          0x00000000   Number         0  __dczerorl2.o ABSOLUTE
    ../clib/microlib/init/entry.s            0x00000000   Number         0  entry2.o ABSOLUTE
    ../clib/microlib/init/entry.s            0x00000000   Number         0  entry5.o ABSOLUTE
    ../clib/microlib/init/entry.s            0x00000000   Number         0  entry11b.o ABSOLUTE
    ../clib/microlib/init/entry.s            0x00000000   Number         0  entry11a.o ABSOLUTE
    ../clib/microlib/init/entry.s            0x00000000   Number         0  entry10b.o ABSOLUTE
    ../clib/microlib/init/entry.s            0x00000000   Number         0  entry.o ABSOLUTE
    ../clib/microlib/init/entry.s            0x00000000   Number         0  entry7a.o ABSOLUTE
    ../clib/microlib/init/entry.s            0x00000000   Number         0  entry7b.o ABSOLUTE
    ../clib/microlib/init/entry.s            0x00000000   Number         0  entry8a.o ABSOLUTE
    ../clib/microlib/init/entry.s            0x00000000   Number         0  entry8b.o ABSOLUTE
    ../clib/microlib/init/entry.s            0x00000000   Number         0  entry9a.o ABSOLUTE
    ../clib/microlib/init/entry.s            0x00000000   Number         0  entry9b.o ABSOLUTE
    ../clib/microlib/init/entry.s            0x00000000   Number         0  entry10a.o ABSOLUTE
    ../clib/microlib/string/strcat.c         0x00000000   Number         0  strcat.o ABSOLUTE
    ../clib/microlib/string/strcmp.c         0x00000000   Number         0  strcmp.o ABSOLUTE
    ../clib/microlib/string/strcpy.c         0x00000000   Number         0  strcpy.o ABSOLUTE
    ../clib/microlib/string/strlen.c         0x00000000   Number         0  strlen.o ABSOLUTE
    ../clib/microlib/string/strncpy.c        0x00000000   Number         0  strncpy.o ABSOLUTE
    Startup\startup_rvmdk.S                  0x00000000   Number         0  startup_rvmdk.o ABSOLUTE
    TivaWare\utils\cmdline.c                 0x00000000   Number         0  cmdline.o ABSOLUTE
    TivaWare\utils\uartstdio.c               0x00000000   Number         0  uartstdio.o ABSOLUTE
    cpu.c                                    0x00000000   Number         0  cpu.o ABSOLUTE
    cpu.c                                    0x00000000   Number         0  cpu.o ABSOLUTE
    dc.s                                     0x00000000   Number         0  dc.o ABSOLUTE
    handlers.s                               0x00000000   Number         0  handlers.o ABSOLUTE
    init.s                                   0x00000000   Number         0  init.o ABSOLUTE
    interrupt.c                              0x00000000   Number         0  interrupt.o ABSOLUTE
    sources\sd_card.c                        0x00000000   Number         0  sd_card.o ABSOLUTE
    third_party\fatfs\port\mmc-ek-tm4c123g.c 0x00000000   Number         0  mmc-ek-tm4c123g.o ABSOLUTE
    third_party\fatfs\src\ff.c               0x00000000   Number         0  ff.o ABSOLUTE
    third_party\fatfs\src\option\cc932.c     0x00000000   Number         0  cc932.o ABSOLUTE
    uart.c                                   0x00000000   Number         0  uart.o ABSOLUTE
    $v0                                      0x0000026c   Number         0  startup_rvmdk.o(RESET)
    NmiSR                                    0x00000281   Thumb Code     0  startup_rvmdk.o(RESET)
    FaultISR                                 0x00000283   Thumb Code     0  startup_rvmdk.o(RESET)
    IntDefaultHandler                        0x00000285   Thumb Code     0  startup_rvmdk.o(RESET)
    .ARM.Collect$$$$00000000                 0x00000288   Section        0  entry.o(.ARM.Collect$$$$00000000)
    .ARM.Collect$$$$00000001                 0x00000288   Section        4  entry2.o(.ARM.Collect$$$$00000001)
    .ARM.Collect$$$$00000004                 0x0000028c   Section        4  entry5.o(.ARM.Collect$$$$00000004)
    .ARM.Collect$$$$00000008                 0x00000290   Section        0  entry7b.o(.ARM.Collect$$$$00000008)
    .ARM.Collect$$$$0000000A                 0x00000290   Section        0  entry8b.o(.ARM.Collect$$$$0000000A)
    .ARM.Collect$$$$0000000B                 0x00000290   Section        8  entry9a.o(.ARM.Collect$$$$0000000B)
    .ARM.Collect$$$$0000000D                 0x00000298   Section        0  entry10a.o(.ARM.Collect$$$$0000000D)
    .ARM.Collect$$$$0000000F                 0x00000298   Section        0  entry11a.o(.ARM.Collect$$$$0000000F)
    .ARM.Collect$$$$00002712                 0x00000298   Section        4  entry2.o(.ARM.Collect$$$$00002712)
    __lit__00000000                          0x00000298   Data           4  entry2.o(.ARM.Collect$$$$00002712)
    .text                                    0x0000029c   Section        0  strcat.o(.text)
    .text                                    0x000002b4   Section        0  strncpy.o(.text)
    .text                                    0x000002cc   Section        0  strlen.o(.text)
    .text                                    0x000002da   Section        0  strcmp.o(.text)
    .text                                    0x000002f6   Section        0  strcpy.o(.text)
    .text                                    0x00000308   Section       36  init.o(.text)
    .text                                    0x0000032c   Section        0  __dczerorl2.o(.text)
    i.CmdLineProcess                         0x00000388   Section        0  cmdline.o(i.CmdLineProcess)
    i.Cmd_cat                                0x000003ec   Section        0  sd_card.o(i.Cmd_cat)
    i.Cmd_cd                                 0x000004b0   Section        0  sd_card.o(i.Cmd_cd)
    i.Cmd_help                               0x000005a0   Section        0  sd_card.o(i.Cmd_help)
    i.Cmd_ls                                 0x00000604   Section        0  sd_card.o(i.Cmd_ls)
    i.Cmd_pwd                                0x00000778   Section        0  sd_card.o(i.Cmd_pwd)
    i.ConfigureUART                          0x00000790   Section        0  sd_card.o(i.ConfigureUART)
    i.DESELECT                               0x000007fc   Section        0  mmc-ek-tm4c123g.o(i.DESELECT)
    DESELECT                                 0x000007fd   Thumb Code    18  mmc-ek-tm4c123g.o(i.DESELECT)
    i.SELECT                                 0x0000080e   Section        0  mmc-ek-tm4c123g.o(i.SELECT)
    SELECT                                   0x0000080f   Thumb Code    18  mmc-ek-tm4c123g.o(i.SELECT)
    i.StringFromFResult                      0x00000820   Section        0  sd_card.o(i.StringFromFResult)
    i.SysTickHandler                         0x00000848   Section        0  sd_card.o(i.SysTickHandler)
    i.UARTClockSourceSet                     0x0000084c   Section        0  uart.o(i.UARTClockSourceSet)
    i.UARTStdioConfig                        0x00000854   Section        0  uartstdio.o(i.UARTStdioConfig)
    i.UARTgets                               0x000008b0   Section        0  uartstdio.o(i.UARTgets)
    i.UARTprintf                             0x00000934   Section        0  uartstdio.o(i.UARTprintf)
    i.UARTvprintf                            0x00000948   Section        0  uartstdio.o(i.UARTvprintf)
    i.UARTwrite                              0x00000afc   Section        0  uartstdio.o(i.UARTwrite)
    i.__scatterload_copy                     0x00000b38   Section       14  handlers.o(i.__scatterload_copy)
    i.__scatterload_null                     0x00000b46   Section        2  handlers.o(i.__scatterload_null)
    i.__scatterload_zeroinit                 0x00000b48   Section       14  handlers.o(i.__scatterload_zeroinit)
    i.check_fs                               0x00000b58   Section        0  ff.o(i.check_fs)
    check_fs                                 0x00000b59   Thumb Code    86  ff.o(i.check_fs)
    i.chk_chr                                0x00000bb4   Section        0  ff.o(i.chk_chr)
    chk_chr                                  0x00000bb5   Thumb Code    16  ff.o(i.chk_chr)
    i.chk_mounted                            0x00000bc4   Section        0  ff.o(i.chk_mounted)
    chk_mounted                              0x00000bc5   Thumb Code   518  ff.o(i.chk_mounted)
    i.clust2sect                             0x00000dd8   Section        0  ff.o(i.clust2sect)
    i.create_chain                           0x00000df0   Section        0  ff.o(i.create_chain)
    create_chain                             0x00000df1   Thumb Code   150  ff.o(i.create_chain)
    i.create_name                            0x00000e88   Section        0  ff.o(i.create_name)
    create_name                              0x00000e89   Thumb Code   520  ff.o(i.create_name)
    i.dir_find                               0x000010a4   Section        0  ff.o(i.dir_find)
    dir_find                                 0x000010a5   Thumb Code   290  ff.o(i.dir_find)
    i.dir_next                               0x000011cc   Section        0  ff.o(i.dir_next)
    dir_next                                 0x000011cd   Thumb Code   232  ff.o(i.dir_next)
    i.dir_read                               0x000012b4   Section        0  ff.o(i.dir_read)
    dir_read                                 0x000012b5   Thumb Code   248  ff.o(i.dir_read)
    i.dir_register                           0x000013b0   Section        0  ff.o(i.dir_register)
    dir_register                             0x000013b1   Thumb Code   416  ff.o(i.dir_register)
    i.dir_sdi                                0x00001554   Section        0  ff.o(i.dir_sdi)
    dir_sdi                                  0x00001555   Thumb Code   126  ff.o(i.dir_sdi)
    i.disk_initialize                        0x000015d4   Section        0  mmc-ek-tm4c123g.o(i.disk_initialize)
    i.disk_read                              0x00001744   Section        0  mmc-ek-tm4c123g.o(i.disk_read)
    i.disk_status                            0x000017fc   Section        0  mmc-ek-tm4c123g.o(i.disk_status)
    i.disk_timerproc                         0x0000180c   Section        0  mmc-ek-tm4c123g.o(i.disk_timerproc)
    i.disk_write                             0x00001828   Section        0  mmc-ek-tm4c123g.o(i.disk_write)
    i.f_getfree                              0x000018d4   Section        0  ff.o(i.f_getfree)
    i.f_mount                                0x00001998   Section        0  ff.o(i.f_mount)
    i.f_open                                 0x000019b8   Section        0  ff.o(i.f_open)
    i.f_opendir                              0x00001af8   Section        0  ff.o(i.f_opendir)
    i.f_read                                 0x00001b5c   Section        0  ff.o(i.f_read)
    i.f_readdir                              0x00001c9c   Section        0  ff.o(i.f_readdir)
    i.ff_convert                             0x00001cf4   Section        0  cc932.o(i.ff_convert)
    i.ff_wtoupper                            0x00001d4c   Section        0  cc932.o(i.ff_wtoupper)
    i.follow_path                            0x00001d70   Section        0  ff.o(i.follow_path)
    follow_path                              0x00001d71   Thumb Code   102  ff.o(i.follow_path)
    i.gen_numname                            0x00001dd6   Section        0  ff.o(i.gen_numname)
    i.get_fat                                0x00001e54   Section        0  ff.o(i.get_fat)
    i.get_fattime                            0x00001f0c   Section        0  mmc-ek-tm4c123g.o(i.get_fattime)
    i.get_fileinfo                           0x00001f14   Section        0  ff.o(i.get_fileinfo)
    get_fileinfo                             0x00001f15   Thumb Code   218  ff.o(i.get_fileinfo)
    i.ld_clust                               0x00001fee   Section        0  ff.o(i.ld_clust)
    ld_clust                                 0x00001fef   Thumb Code    18  ff.o(i.ld_clust)
    i.main                                   0x00002000   Section        0  sd_card.o(i.main)
    i.mem_cpy                                0x00002168   Section        0  ff.o(i.mem_cpy)
    mem_cpy                                  0x00002169   Thumb Code    16  ff.o(i.mem_cpy)
    i.mem_set                                0x00002178   Section        0  ff.o(i.mem_set)
    mem_set                                  0x00002179   Thumb Code    14  ff.o(i.mem_set)
    i.move_window                            0x00002186   Section        0  ff.o(i.move_window)
    move_window                              0x00002187   Thumb Code    46  ff.o(i.move_window)
    i.power_on                               0x000021b4   Section        0  mmc-ek-tm4c123g.o(i.power_on)
    power_on                                 0x000021b5   Thumb Code   124  mmc-ek-tm4c123g.o(i.power_on)
    i.put_fat                                0x00002244   Section        0  ff.o(i.put_fat)
    i.rcvr_datablock                         0x0000233c   Section        0  mmc-ek-tm4c123g.o(i.rcvr_datablock)
    rcvr_datablock                           0x0000233d   Thumb Code    68  mmc-ek-tm4c123g.o(i.rcvr_datablock)
    i.rcvr_spi                               0x00002384   Section        0  mmc-ek-tm4c123g.o(i.rcvr_spi)
    rcvr_spi                                 0x00002385   Thumb Code    34  mmc-ek-tm4c123g.o(i.rcvr_spi)
    i.remove_chain                           0x000023ac   Section        0  ff.o(i.remove_chain)
    remove_chain                             0x000023ad   Thumb Code    98  ff.o(i.remove_chain)
    i.send_cmd                               0x0000240e   Section        0  mmc-ek-tm4c123g.o(i.send_cmd)
    send_cmd                                 0x0000240f   Thumb Code   102  mmc-ek-tm4c123g.o(i.send_cmd)
    i.send_initial_clock_train               0x00002474   Section        0  mmc-ek-tm4c123g.o(i.send_initial_clock_train)
    send_initial_clock_train                 0x00002475   Thumb Code    78  mmc-ek-tm4c123g.o(i.send_initial_clock_train)
    i.st_clust                               0x000024c8   Section        0  ff.o(i.st_clust)
    st_clust                                 0x000024c9   Thumb Code    16  ff.o(i.st_clust)
    i.sum_sfn                                0x000024d8   Section        0  ff.o(i.sum_sfn)
    sum_sfn                                  0x000024d9   Thumb Code    26  ff.o(i.sum_sfn)
    i.sync_window                            0x000024f2   Section        0  ff.o(i.sync_window)
    sync_window                              0x000024f3   Thumb Code    84  ff.o(i.sync_window)
    i.validate                               0x00002546   Section        0  ff.o(i.validate)
    validate                                 0x00002547   Thumb Code    38  ff.o(i.validate)
    i.wait_ready                             0x0000256c   Section        0  mmc-ek-tm4c123g.o(i.wait_ready)
    wait_ready                               0x0000256d   Thumb Code    28  mmc-ek-tm4c123g.o(i.wait_ready)
    i.xmit_datablock                         0x0000258c   Section        0  mmc-ek-tm4c123g.o(i.xmit_datablock)
    xmit_datablock                           0x0000258d   Thumb Code    80  mmc-ek-tm4c123g.o(i.xmit_datablock)
    i.xmit_spi                               0x000025dc   Section        0  mmc-ek-tm4c123g.o(i.xmit_spi)
    xmit_spi                                 0x000025dd   Thumb Code    30  mmc-ek-tm4c123g.o(i.xmit_spi)
    .constdata                               0x00002600   Section       19  sd_card.o(.constdata)
    .constdata                               0x00002614   Section       28  uartstdio.o(.constdata)
    g_pcHex                                  0x00002614   Data           4  uartstdio.o(.constdata)
    g_ui32UARTBase                           0x00002618   Data          12  uartstdio.o(.constdata)
    g_ui32UARTPeriph                         0x00002624   Data          12  uartstdio.o(.constdata)
    .constdata                               0x00002630   Section       13  ff.o(.constdata)
    LfnOfs                                   0x00002630   Data          13  ff.o(.constdata)
    .constdata                               0x0000263e   Section    30520  cc932.o(.constdata)
    uni2sjis                                 0x0000263e   Data       29560  cc932.o(.constdata)
    tbl_lower                                0x000099b6   Data         480  cc932.o(.constdata)
    tbl_upper                                0x00009b96   Data         480  cc932.o(.constdata)
    .conststring                             0x00009d76   Section      458  sd_card.o(.conststring)
    .conststring                             0x00009f40   Section       17  uartstdio.o(.conststring)
    .data                                    0x20000000   Section      348  sd_card.o(.data)
    g_pcCwdBuf                               0x20000000   Data          80  sd_card.o(.data)
    .data                                    0x2000015c   Section        8  uartstdio.o(.data)
    bLastWasCR                               0x2000015c   Data           1  uartstdio.o(.data)
    g_ui32Base                               0x20000160   Data           4  uartstdio.o(.data)
    .data                                    0x20000164   Section        8  ff.o(.data)
    Fsid                                     0x20000164   Data           2  ff.o(.data)
    FatFs                                    0x20000168   Data           4  ff.o(.data)
    .data                                    0x2000016c   Section        5  mmc-ek-tm4c123g.o(.data)
    Stat                                     0x2000016c   Data           1  mmc-ek-tm4c123g.o(.data)
    PowerFlag                                0x2000016d   Data           1  mmc-ek-tm4c123g.o(.data)
    Timer1                                   0x2000016e   Data           1  mmc-ek-tm4c123g.o(.data)
    Timer2                                   0x2000016f   Data           1  mmc-ek-tm4c123g.o(.data)
    CardType                                 0x20000170   Data           1  mmc-ek-tm4c123g.o(.data)
    .bss                                     0x20000174   Section     1324  sd_card.o(.bss)
    g_pcTmpBuf                               0x20000174   Data          80  sd_card.o(.bss)
    g_pcCmdBuf                               0x200001c4   Data          64  sd_card.o(.bss)
    g_sFatFs                                 0x20000204   Data         564  sd_card.o(.bss)
    g_sDirObject                             0x20000438   Data          36  sd_card.o(.bss)
    g_sFileInfo                              0x2000045c   Data          32  sd_card.o(.bss)
    g_sFileObject                            0x2000047c   Data         548  sd_card.o(.bss)
    .bss                                     0x200006a0   Section       36  cmdline.o(.bss)
    g_ppcArgv                                0x200006a0   Data          36  cmdline.o(.bss)
    .bss                                     0x200006c4   Section      512  ff.o(.bss)
    LfnBuf                                   0x200006c4   Data         512  ff.o(.bss)
    STACK                                    0x200008c8   Section     1024  startup_rvmdk.o(STACK)
    StackMem                                 0x200008c8   Data           0  startup_rvmdk.o(STACK)

    Global Symbols

    Symbol Name                              Value     Ov Type        Size  Object(Section)

    BuildAttributes$$THM_ISAv4$E$P$D$K$B$S$7EM$VFPi3$EXTD16$VFPS$VFMA$PE$A:L22UL41UL21$X:L11$S22US41US21$IEEE1$IW$USESV6$~STKCKD$USESV7$~SHL$OTIME$EBA8$MICROLIB$REQ8$PRES8$EABIv2 0x00000000   Number         0  anon$$obj.o ABSOLUTE
    __ARM_use_no_argv                        0x00000000   Number         0  sd_card.o ABSOLUTE
    __Vectors                                0x00000000   Data           0  startup_rvmdk.o(RESET)
    __cpp_initialize__aeabi_                  - Undefined Weak Reference
    __cxa_finalize                            - Undefined Weak Reference
    _clock_init                               - Undefined Weak Reference
    _microlib_exit                            - Undefined Weak Reference
    Reset_Handler                            0x0000026d   Thumb Code     0  startup_rvmdk.o(RESET)
    __main                                   0x00000289   Thumb Code     0  entry.o(.ARM.Collect$$$$00000000)
    _main_stk                                0x00000289   Thumb Code     0  entry2.o(.ARM.Collect$$$$00000001)
    _main_scatterload                        0x0000028d   Thumb Code     0  entry5.o(.ARM.Collect$$$$00000004)
    __main_after_scatterload                 0x00000291   Thumb Code     0  entry5.o(.ARM.Collect$$$$00000004)
    _main_clock                              0x00000291   Thumb Code     0  entry7b.o(.ARM.Collect$$$$00000008)
    _main_cpp_init                           0x00000291   Thumb Code     0  entry8b.o(.ARM.Collect$$$$0000000A)
    _main_init                               0x00000291   Thumb Code     0  entry9a.o(.ARM.Collect$$$$0000000B)
    __rt_final_cpp                           0x00000299   Thumb Code     0  entry10a.o(.ARM.Collect$$$$0000000D)
    __rt_final_exit                          0x00000299   Thumb Code     0  entry11a.o(.ARM.Collect$$$$0000000F)
    strcat                                   0x0000029d   Thumb Code    24  strcat.o(.text)
    strncpy                                  0x000002b5   Thumb Code    24  strncpy.o(.text)
    strlen                                   0x000002cd   Thumb Code    14  strlen.o(.text)
    strcmp                                   0x000002db   Thumb Code    28  strcmp.o(.text)
    strcpy                                   0x000002f7   Thumb Code    18  strcpy.o(.text)
    __scatterload                            0x00000309   Thumb Code    28  init.o(.text)
    __scatterload_rt2                        0x00000309   Thumb Code     0  init.o(.text)
    __decompress                             0x0000032d   Thumb Code     0  __dczerorl2.o(.text)
    __decompress1                            0x0000032d   Thumb Code    92  __dczerorl2.o(.text)
    CmdLineProcess                           0x00000389   Thumb Code    90  cmdline.o(i.CmdLineProcess)
    Cmd_cat                                  0x000003ed   Thumb Code   138  sd_card.o(i.Cmd_cat)
    Cmd_cd                                   0x000004b1   Thumb Code   178  sd_card.o(i.Cmd_cd)
    Cmd_help                                 0x000005a1   Thumb Code    38  sd_card.o(i.Cmd_help)
    Cmd_ls                                   0x00000605   Thumb Code   246  sd_card.o(i.Cmd_ls)
    Cmd_pwd                                  0x00000779   Thumb Code    14  sd_card.o(i.Cmd_pwd)
    ConfigureUART                            0x00000791   Thumb Code    90  sd_card.o(i.ConfigureUART)
    StringFromFResult                        0x00000821   Thumb Code    30  sd_card.o(i.StringFromFResult)
    SysTickHandler                           0x00000849   Thumb Code     4  sd_card.o(i.SysTickHandler)
    UARTClockSourceSet                       0x0000084d   Thumb Code     6  uart.o(i.UARTClockSourceSet)
    UARTStdioConfig                          0x00000855   Thumb Code    82  uartstdio.o(i.UARTStdioConfig)
    UARTgets                                 0x000008b1   Thumb Code   118  uartstdio.o(i.UARTgets)
    UARTprintf                               0x00000935   Thumb Code    18  uartstdio.o(i.UARTprintf)
    UARTvprintf                              0x00000949   Thumb Code   420  uartstdio.o(i.UARTvprintf)
    UARTwrite                                0x00000afd   Thumb Code    56  uartstdio.o(i.UARTwrite)
    __scatterload_copy                       0x00000b39   Thumb Code    14  handlers.o(i.__scatterload_copy)
    __scatterload_null                       0x00000b47   Thumb Code     2  handlers.o(i.__scatterload_null)
    __scatterload_zeroinit                   0x00000b49   Thumb Code    14  handlers.o(i.__scatterload_zeroinit)
    clust2sect                               0x00000dd9   Thumb Code    24  ff.o(i.clust2sect)
    disk_initialize                          0x000015d5   Thumb Code   354  mmc-ek-tm4c123g.o(i.disk_initialize)
    disk_read                                0x00001745   Thumb Code   178  mmc-ek-tm4c123g.o(i.disk_read)
    disk_status                              0x000017fd   Thumb Code    12  mmc-ek-tm4c123g.o(i.disk_status)
    disk_timerproc                           0x0000180d   Thumb Code    22  mmc-ek-tm4c123g.o(i.disk_timerproc)
    disk_write                               0x00001829   Thumb Code   168  mmc-ek-tm4c123g.o(i.disk_write)
    f_getfree                                0x000018d5   Thumb Code   194  ff.o(i.f_getfree)
    f_mount                                  0x00001999   Thumb Code    26  ff.o(i.f_mount)
    f_open                                   0x000019b9   Thumb Code   314  ff.o(i.f_open)
    f_opendir                                0x00001af9   Thumb Code    96  ff.o(i.f_opendir)
    f_read                                   0x00001b5d   Thumb Code   320  ff.o(i.f_read)
    f_readdir                                0x00001c9d   Thumb Code    82  ff.o(i.f_readdir)
    ff_convert                               0x00001cf5   Thumb Code    82  cc932.o(i.ff_convert)
    ff_wtoupper                              0x00001d4d   Thumb Code    28  cc932.o(i.ff_wtoupper)
    gen_numname                              0x00001dd7   Thumb Code   126  ff.o(i.gen_numname)
    get_fat                                  0x00001e55   Thumb Code   184  ff.o(i.get_fat)
    get_fattime                              0x00001f0d   Thumb Code     4  mmc-ek-tm4c123g.o(i.get_fattime)
    main                                     0x00002001   Thumb Code   172  sd_card.o(i.main)
    put_fat                                  0x00002245   Thumb Code   248  ff.o(i.put_fat)
    Region$$Table$$Base                      0x00009f54   Number         0  anon$$obj.o(Region$$Table)
    Region$$Table$$Limit                     0x00009f74   Number         0  anon$$obj.o(Region$$Table)
    g_psFResultStrings                       0x20000050   Data         160  sd_card.o(.data)
    g_psCmdTable                             0x200000f0   Data         108  sd_card.o(.data)
    __initial_sp                             0x20000cc8   Data           0  startup_rvmdk.o(STACK)



==============================================================================

Memory Map of the image

  Image Entry point : 0x0000026d

  Load Region LR_IROM (Base: 0x00000000, Size: 0x0000a0e8, Max: 0x00040000, ABSOLUTE, COMPRESSED[0x0000a01c])

    Execution Region ER_IROM (Base: 0x00000000, Size: 0x00009f74, Max: 0x00040000, ABSOLUTE)

    Base Addr    Size         Type   Attr      Idx    E Section Name        Object

    0x00000000   0x00000288   Code   RO            3  * RESET               startup_rvmdk.o
    0x00000288   0x00000000   Code   RO         1078  * .ARM.Collect$$$$00000000  mc_w.l(entry.o)
    0x00000288   0x00000004   Code   RO         1091    .ARM.Collect$$$$00000001  mc_w.l(entry2.o)
    0x0000028c   0x00000004   Code   RO         1094    .ARM.Collect$$$$00000004  mc_w.l(entry5.o)
    0x00000290   0x00000000   Code   RO         1096    .ARM.Collect$$$$00000008  mc_w.l(entry7b.o)
    0x00000290   0x00000000   Code   RO         1098    .ARM.Collect$$$$0000000A  mc_w.l(entry8b.o)
    0x00000290   0x00000008   Code   RO         1099    .ARM.Collect$$$$0000000B  mc_w.l(entry9a.o)
    0x00000298   0x00000000   Code   RO         1101    .ARM.Collect$$$$0000000D  mc_w.l(entry10a.o)
    0x00000298   0x00000000   Code   RO         1103    .ARM.Collect$$$$0000000F  mc_w.l(entry11a.o)
    0x00000298   0x00000004   Code   RO         1092    .ARM.Collect$$$$00002712  mc_w.l(entry2.o)
    0x0000029c   0x00000018   Code   RO         1081    .text               mc_w.l(strcat.o)
    0x000002b4   0x00000018   Code   RO         1083    .text               mc_w.l(strncpy.o)
    0x000002cc   0x0000000e   Code   RO         1085    .text               mc_w.l(strlen.o)
    0x000002da   0x0000001c   Code   RO         1087    .text               mc_w.l(strcmp.o)
    0x000002f6   0x00000012   Code   RO         1089    .text               mc_w.l(strcpy.o)
    0x00000308   0x00000024   Code   RO         1105    .text               mc_w.l(init.o)
    0x0000032c   0x0000005c   Code   RO         1115    .text               mc_w.l(__dczerorl2.o)
    0x00000388   0x00000064   Code   RO          194    i.CmdLineProcess    cmdline.o
    0x000003ec   0x000000c4   Code   RO            9    i.Cmd_cat           sd_card.o
    0x000004b0   0x000000f0   Code   RO           10    i.Cmd_cd            sd_card.o
    0x000005a0   0x00000064   Code   RO           11    i.Cmd_help          sd_card.o
    0x00000604   0x00000174   Code   RO           12    i.Cmd_ls            sd_card.o
    0x00000778   0x00000018   Code   RO           13    i.Cmd_pwd           sd_card.o
    0x00000790   0x0000006c   Code   RO           14    i.ConfigureUART     sd_card.o
    0x000007fc   0x00000012   Code   RO          498    i.DESELECT          mmc-ek-tm4c123g.o
    0x0000080e   0x00000012   Code   RO          499    i.SELECT            mmc-ek-tm4c123g.o
    0x00000820   0x00000028   Code   RO           15    i.StringFromFResult  sd_card.o
    0x00000848   0x00000004   Code   RO           16    i.SysTickHandler    sd_card.o
    0x0000084c   0x00000006   Code   RO          645    i.UARTClockSourceSet  driverlib.lib(uart.o)
    0x00000852   0x00000002   PAD
    0x00000854   0x0000005c   Code   RO          133    i.UARTStdioConfig   uartstdio.o
    0x000008b0   0x00000084   Code   RO          135    i.UARTgets          uartstdio.o
    0x00000934   0x00000012   Code   RO          136    i.UARTprintf        uartstdio.o
    0x00000946   0x00000002   PAD
    0x00000948   0x000001b4   Code   RO          137    i.UARTvprintf       uartstdio.o
    0x00000afc   0x0000003c   Code   RO          138    i.UARTwrite         uartstdio.o
    0x00000b38   0x0000000e   Code   RO         1109    i.__scatterload_copy  mc_w.l(handlers.o)
    0x00000b46   0x00000002   Code   RO         1110    i.__scatterload_null  mc_w.l(handlers.o)
    0x00000b48   0x0000000e   Code   RO         1111    i.__scatterload_zeroinit  mc_w.l(handlers.o)
    0x00000b56   0x00000002   PAD
    0x00000b58   0x0000005c   Code   RO          212    i.check_fs          ff.o
    0x00000bb4   0x00000010   Code   RO          213    i.chk_chr           ff.o
    0x00000bc4   0x00000214   Code   RO          214    i.chk_mounted       ff.o
    0x00000dd8   0x00000018   Code   RO          215    i.clust2sect        ff.o
    0x00000df0   0x00000096   Code   RO          216    i.create_chain      ff.o
    0x00000e86   0x00000002   PAD
    0x00000e88   0x0000021c   Code   RO          217    i.create_name       ff.o
    0x000010a4   0x00000128   Code   RO          218    i.dir_find          ff.o
    0x000011cc   0x000000e8   Code   RO          219    i.dir_next          ff.o
    0x000012b4   0x000000fc   Code   RO          220    i.dir_read          ff.o
    0x000013b0   0x000001a4   Code   RO          221    i.dir_register      ff.o
    0x00001554   0x0000007e   Code   RO          223    i.dir_sdi           ff.o
    0x000015d2   0x00000002   PAD
    0x000015d4   0x00000170   Code   RO          500    i.disk_initialize   mmc-ek-tm4c123g.o
    0x00001744   0x000000b8   Code   RO          502    i.disk_read         mmc-ek-tm4c123g.o
    0x000017fc   0x00000010   Code   RO          503    i.disk_status       mmc-ek-tm4c123g.o
    0x0000180c   0x0000001c   Code   RO          504    i.disk_timerproc    mmc-ek-tm4c123g.o
    0x00001828   0x000000ac   Code   RO          505    i.disk_write        mmc-ek-tm4c123g.o
    0x000018d4   0x000000c2   Code   RO          226    i.f_getfree         ff.o
    0x00001996   0x00000002   PAD
    0x00001998   0x00000020   Code   RO          230    i.f_mount           ff.o
    0x000019b8   0x00000140   Code   RO          231    i.f_open            ff.o
    0x00001af8   0x00000064   Code   RO          232    i.f_opendir         ff.o
    0x00001b5c   0x00000140   Code   RO          236    i.f_read            ff.o
    0x00001c9c   0x00000058   Code   RO          237    i.f_readdir         ff.o
    0x00001cf4   0x00000058   Code   RO          604    i.ff_convert        cc932.o
    0x00001d4c   0x00000024   Code   RO          605    i.ff_wtoupper       cc932.o
    0x00001d70   0x00000066   Code   RO          245    i.follow_path       ff.o
    0x00001dd6   0x0000007e   Code   RO          246    i.gen_numname       ff.o
    0x00001e54   0x000000b8   Code   RO          247    i.get_fat           ff.o
    0x00001f0c   0x00000008   Code   RO          506    i.get_fattime       mmc-ek-tm4c123g.o
    0x00001f14   0x000000da   Code   RO          248    i.get_fileinfo      ff.o
    0x00001fee   0x00000012   Code   RO          249    i.ld_clust          ff.o
    0x00002000   0x00000168   Code   RO           17    i.main              sd_card.o
    0x00002168   0x00000010   Code   RO          250    i.mem_cpy           ff.o
    0x00002178   0x0000000e   Code   RO          251    i.mem_set           ff.o
    0x00002186   0x0000002e   Code   RO          252    i.move_window       ff.o
    0x000021b4   0x00000090   Code   RO          507    i.power_on          mmc-ek-tm4c123g.o
    0x00002244   0x000000f8   Code   RO          253    i.put_fat           ff.o
    0x0000233c   0x00000048   Code   RO          508    i.rcvr_datablock    mmc-ek-tm4c123g.o
    0x00002384   0x00000028   Code   RO          509    i.rcvr_spi          mmc-ek-tm4c123g.o
    0x000023ac   0x00000062   Code   RO          254    i.remove_chain      ff.o
    0x0000240e   0x00000066   Code   RO          510    i.send_cmd          mmc-ek-tm4c123g.o
    0x00002474   0x00000054   Code   RO          511    i.send_initial_clock_train  mmc-ek-tm4c123g.o
    0x000024c8   0x00000010   Code   RO          255    i.st_clust          ff.o
    0x000024d8   0x0000001a   Code   RO          256    i.sum_sfn           ff.o
    0x000024f2   0x00000054   Code   RO          258    i.sync_window       ff.o
    0x00002546   0x00000026   Code   RO          259    i.validate          ff.o
    0x0000256c   0x00000020   Code   RO          512    i.wait_ready        mmc-ek-tm4c123g.o
    0x0000258c   0x00000050   Code   RO          513    i.xmit_datablock    mmc-ek-tm4c123g.o
    0x000025dc   0x00000024   Code   RO          514    i.xmit_spi          mmc-ek-tm4c123g.o
    0x00002600   0x00000013   Data   RO           19    .constdata          sd_card.o
    0x00002613   0x00000001   PAD
    0x00002614   0x0000001c   Data   RO          139    .constdata          uartstdio.o
    0x00002630   0x0000000d   Data   RO          261    .constdata          ff.o
    0x0000263d   0x00000001   PAD
    0x0000263e   0x00007738   Data   RO          606    .constdata          cc932.o
    0x00009d76   0x000001ca   Data   RO           20    .conststring        sd_card.o
    0x00009f40   0x00000011   Data   RO          140    .conststring        uartstdio.o
    0x00009f51   0x00000003   PAD
    0x00009f54   0x00000020   Data   RO         1107    Region$$Table       anon$$obj.o


    Execution Region RW_IRAM (Base: 0x20000000, Size: 0x00000cc8, Max: 0x00008000, ABSOLUTE, COMPRESSED[0x000000a8])

    Base Addr    Size         Type   Attr      Idx    E Section Name        Object

    0x20000000   0x0000015c   Data   RW           21    .data               sd_card.o
    0x2000015c   0x00000008   Data   RW          141    .data               uartstdio.o
    0x20000164   0x00000008   Data   RW          262    .data               ff.o
    0x2000016c   0x00000005   Data   RW          515    .data               mmc-ek-tm4c123g.o
    0x20000171   0x00000003   PAD
    0x20000174   0x0000052c   Zero   RW           18    .bss                sd_card.o
    0x200006a0   0x00000024   Zero   RW          195    .bss                cmdline.o
    0x200006c4   0x00000200   Zero   RW          260    .bss                ff.o
    0x200008c4   0x00000004   PAD
    0x200008c8   0x00000400   Zero   RW            1    STACK               startup_rvmdk.o


==============================================================================

Image component sizes


      Code (inc. data)   RO Data    RW Data    ZI Data      Debug   Object Name

       124         14      30520          0          0       2367   cc932.o
       100         10          0          0         36       1852   cmdline.o
      4968         76         13          8        512      29026   ff.o
      1402         84          0          5          0      12052   mmc-ek-tm4c123g.o
      1444        534        477        348       1324      15043   sd_card.o
       648        622          0          0       1024        260   startup_rvmdk.o
       738         44         45          8          0       4500   uartstdio.o

    ----------------------------------------------------------------------
      9432       1384      31092        372       2900      65100   Object Totals
         0          0         32          0          0          0   (incl. Generated)
         8          0          5          3          4          0   (incl. Padding)

    ----------------------------------------------------------------------

      Code (inc. data)   RO Data    RW Data    ZI Data      Debug   Library Member Name

         6          0          0          0          0       3545   uart.o
        92          0          0          0          0          0   __dczerorl2.o
         0          0          0          0          0          0   entry.o
         0          0          0          0          0          0   entry10a.o
         0          0          0          0          0          0   entry11a.o
         8          4          0          0          0          0   entry2.o
         4          0          0          0          0          0   entry5.o
         0          0          0          0          0          0   entry7b.o
         0          0          0          0          0          0   entry8b.o
         8          4          0          0          0          0   entry9a.o
        30          0          0          0          0          0   handlers.o
        36          8          0          0          0         68   init.o
        24          0          0          0          0         68   strcat.o
        28          0          0          0          0         76   strcmp.o
        18          0          0          0          0         68   strcpy.o
        14          0          0          0          0         68   strlen.o
        24          0          0          0          0         76   strncpy.o

    ----------------------------------------------------------------------
       296         16          0          0          0       3969   Library Totals
         4          0          0          0          0          0   (incl. Padding)

    ----------------------------------------------------------------------

      Code (inc. data)   RO Data    RW Data    ZI Data      Debug   Library Name

         6          0          0          0          0       3545   driverlib.lib
       286         16          0          0          0        424   mc_w.l

    ----------------------------------------------------------------------
       296         16          0          0          0       3969   Library Totals

    ----------------------------------------------------------------------

==============================================================================


      Code (inc. data)   RO Data    RW Data    ZI Data      Debug   

      9728       1400      31092        372       2900      62913   Grand Totals
      9728       1400      31092        168       2900      62913   ELF Image Totals (compressed)
      9728       1400      31092        168          0          0   ROM Totals

==============================================================================

    Total RO  Size (Code + RO Data)                40820 (  39.86kB)
    Total RW  Size (RW Data + ZI Data)              3272 (   3.20kB)
    Total ROM Size (Code + RO Data + RW Data)      40988 (  40.03kB)

==============================================================================

