<html>
<body>
<pre>
<h1>µVision Build Log</h1>
<h2>Tool Versions:</h2>
IDE-Version: µVision V5.32.0.0
Copyright (C) 2020 ARM Ltd and ARM Germany GmbH. All rights reserved.
License Information: Michael Pressler Indiana University-Purdue University Fort Wayne Flex license: MDK Professional 5.32 (Flex) (mdk_pro) Operation stops: 10 Feb 2024
 
Tool Versions:
Toolchain:       MDK Professional 5.32 (Flex)  Version: 5.32.0.0
Toolchain Path:  C:\Keil\version5\ARM\ARMCC\Bin
C Compiler:      Armcc.exe V5.06 update 7 (build 960)
Assembler:       Armasm.exe V5.06 update 7 (build 960)
Linker/Locator:  ArmLink.exe V5.06 update 7 (build 960)
Library Manager: ArmAr.exe V5.06 update 7 (build 960)
Hex Converter:   FromElf.exe V5.06 update 7 (build 960)
CPU DLL:         SARMCM3.DLL V5.32.0.0
Dialog DLL:      DCM.DLL V1.17.3.0
Target DLL:      lmidk-agdi.dll V???
Dialog DLL:      TCM.DLL V1.46.0.0
 
<h2>Project:</h2>
C:\Users\wang\Downloads\lpv_sensor_transmitter_hibernate\lpv.uvprojx
Project File Date:  11/01/2023

<h2>Output:</h2>
*** Using Compiler 'V5.06 update 7 (build 960)', folder: 'C:\Keil\version5\ARM\ARMCC\Bin'
Rebuild target 'lpv'
assembling startup_rvmdk.S...
compiling funcs.c...
compiling uartstdio.c...
compiling lpvtransmitter.c...
linking...
Program Size: Code=5660 RO-data=80 RW-data=12 ZI-data=516  
After Build - User command #1: fromelf --bin --output .\rvmdk\st7735.bin .\rvmdk\st7735.axf
".\rvmdk\st7735.axf" - 0 Error(s), 0 Warning(s).

<h2>Software Packages used:</h2>

Package Vendor: Keil
                http://www.keil.com/pack/Keil.TM4C_DFP.1.1.0.pack
                Keil.TM4C_DFP.1.1.0
                Texas Instruments Tiva C Series Device Support and Examples

<h2>Collection of Component include folders:</h2>
  .\RTE\_lpv
  C:\Keil\version5\ARM\PACK\Keil\TM4C_DFP\1.1.0\Device\Include\TM4C123

<h2>Collection of Component Files used:</h2>

   * Component: ARM::CMSIS:CORE:5.4.0
Build Time Elapsed:  00:00:02
</pre>
</body>
</html>
